git_challenge % git init
git_challenge % git add .
git_challenge % git commit -m 'hello_world.txtを追加'
[main (root-commit) 1876239] hello_world.txtを追加
 1 file changed, 1 insertion(+)
 create mode 100644 hello_world.txt

git_challenge % git add .
git_challenge % git commit -m '日本語訳を追記'
[main 7efa3b7] 日本語訳を追記
 1 file changed, 2 insertions(+), 1 deletion(-)
git_challenge % git log --oneline
7efa3b7 (HEAD -> main) 日本語訳を追記
1876239 hello_world.txtを追加